{"event":"started","label":"glm-devpass","index":0,"attempt":1,"at":"2026-09-06T13:56:00.146Z","gauges":{"lag":1,"pending":0,"failed":0}}
{"event":"progress","label":"glm-devpass","at":"2026-09-06T13:57:02.697Z","duration_ms":60003,"gauges":{"lag":1,"pending":0,"failed":0}}
{"event":"progress","label":"glm-devpass","at":"2026-09-06T13:58:02.699Z","duration_ms":120005,"gauges":{"lag":1,"pending":0,"failed":0}}
{"event":"progress","label":"glm-devpass","at":"2026-09-06T13:59:02.702Z","duration_ms":180008,"gauges":{"lag":1,"pending":0,"failed":0}}
{"event":"progress","label":"glm-devpass","at":"2026-09-06T14:00:02.705Z","duration_ms":240011,"gauges":{"lag":1,"pending":0,"failed":0}}
{"event":"progress","label":"glm-devpass","at":"2026-09-06T14:01:02.707Z","duration_ms":300013,"gauges":{"lag":1,"pending":0,"failed":0}}
{"event":"progress","label":"glm-devpass","at":"2026-09-06T14:02:02.710Z","duration_ms":360016,"gauges":{"lag":1,"pending":0,"failed":0}}
{"event":"progress","label":"glm-devpass","at":"2026-09-06T14:03:02.711Z","duration_ms":420017,"gauges":{"lag":1,"pending":0,"failed":0}}
{"event":"progress","label":"glm-devpass","at":"2026-09-06T14:04:02.714Z","duration_ms":480020,"gauges":{"lag":1,"pending":0,"failed":0}}
{"event":"progress","label":"glm-devpass","at":"2026-09-06T14:05:02.717Z","duration_ms":540023,"gauges":{"lag":1,"pending":0,"failed":0}}
{"event":"progress","label":"glm-devpass","at":"2026-09-06T14:06:02.719Z","duration_ms":600025,"gauges":{"lag":1,"pending":0,"failed":0}}
{"event":"progress","label":"glm-devpass","at":"2026-09-06T14:07:02.721Z","duration_ms":660027,"gauges":{"lag":1,"pending":0,"failed":0}}
{"event":"progress","label":"glm-devpass","at":"2026-09-06T14:08:02.724Z","duration_ms":720030,"gauges":{"lag":1,"pending":0,"failed":0}}
{"event":"progress","label":"glm-devpass","at":"2026-09-06T14:09:02.725Z","duration_ms":780031,"gauges":{"lag":1,"pending":0,"failed":0}}
{"event":"progress","label":"glm-devpass","at":"2026-09-06T14:10:02.727Z","duration_ms":840033,"gauges":{"lag":1,"pending":0,"failed":0}}
{"event":"progress","label":"glm-devpass","at":"2026-09-06T14:11:02.729Z","duration_ms":900035,"gauges":{"lag":1,"pending":0,"failed":0}}
{"event":"progress","label":"glm-devpass","at":"2026-09-06T14:12:02.731Z","duration_ms":960037,"gauges":{"lag":1,"pending":0,"failed":0}}
{"event":"progress","label":"glm-devpass","at":"2026-09-06T14:13:02.734Z","duration_ms":1020040,"gauges":{"lag":1,"pending":0,"failed":0}}
{"event":"progress","label":"glm-devpass","at":"2026-09-06T14:14:02.735Z","duration_ms":1080041,"gauges":{"lag":1,"pending":0,"failed":0}}
{"event":"progress","label":"glm-devpass","at":"2026-09-06T14:15:02.737Z","duration_ms":1140043,"gauges":{"lag":1,"pending":0,"failed":0}}
{"event":"progress","label":"glm-devpass","at":"2026-09-06T14:16:02.739Z","duration_ms":1200045,"gauges":{"lag":1,"pending":0,"failed":0}}
{"event":"progress","label":"glm-devpass","at":"2026-09-06T14:17:02.740Z","duration_ms":1260046,"gauges":{"lag":1,"pending":0,"failed":0}}
{"event":"progress","label":"glm-devpass","at":"2026-09-06T14:18:02.742Z","duration_ms":1320048,"gauges":{"lag":1,"pending":0,"failed":0}}
{"event":"progress","label":"glm-devpass","at":"2026-09-06T14:19:02.745Z","duration_ms":1380051,"gauges":{"lag":1,"pending":0,"failed":0}}
{"event":"progress","label":"glm-devpass","at":"2026-09-06T14:20:02.745Z","duration_ms":1440051,"gauges":{"lag":1,"pending":0,"failed":0}}
{"event":"progress","label":"glm-devpass","at":"2026-09-06T14:21:02.747Z","duration_ms":1500053,"gauges":{"lag":1,"pending":0,"failed":0}}
{"event":"progress","label":"glm-devpass","at":"2026-09-06T14:22:02.747Z","duration_ms":1560054,"gauges":{"lag":1,"pending":0,"failed":0}}
{"event":"progress","label":"glm-devpass","at":"2026-09-06T14:23:02.749Z","duration_ms":1620055,"gauges":{"lag":1,"pending":0,"failed":0}}
{"event":"progress","label":"glm-devpass","at":"2026-09-06T14:24:02.751Z","duration_ms":1680057,"gauges":{"lag":1,"pending":0,"failed":0}}
{"event":"progress","label":"glm-devpass","at":"2026-09-06T14:25:02.753Z","duration_ms":1740059,"gauges":{"lag":1,"pending":0,"failed":0}}
{"event":"progress","label":"glm-devpass","at":"2026-09-06T14:26:02.755Z","duration_ms":1800061,"gauges":{"lag":1,"pending":0,"failed":0}}
{"event":"failed","label":"glm-devpass","index":0,"attempt":1,"at":"2026-09-06T14:26:56.991Z","duration_ms":1856844,"terminal":false,"error":{"name":"Error","message":"lineage glm-devpass exited 0 but did not produce expected artifact: specs/005-component-surface-system/051-modal-and-sheet-componentization/research/lineages/glm-devpass/research.md","failure_class":"salvage_miss","retry_verdict":"transient","retryable":true,"exit_code":0,"timed_out":false,"salvage":{"salvaged":0,"failed":1}},"gauges":{"lag":1,"pending":0,"failed":0},"skippedCount":29,"slotDurationMs":1856594.076166}
{"event":"retry_scheduled","label":"glm-devpass","index":0,"at":"2026-09-06T14:26:56.991Z","retry_count":1,"next_attempt":2,"max_retries":5,"failure_class":"salvage_miss","retry_verdict":"transient","gauges":{"lag":1,"pending":1,"failed":0,"oldest_pending_lag_ms":24185}}
{"event":"started","label":"glm-devpass","index":0,"attempt":2,"at":"2026-09-06T14:26:56.992Z","gauges":{"lag":1,"pending":0,"failed":0}}
{"event":"progress","label":"glm-devpass","at":"2026-09-06T14:27:56.995Z","duration_ms":60002,"gauges":{"lag":1,"pending":0,"failed":0}}
{"event":"progress","label":"glm-devpass","at":"2026-09-06T14:28:56.997Z","duration_ms":120004,"gauges":{"lag":1,"pending":0,"failed":0}}
{"event":"failed","label":"glm-devpass","index":0,"attempt":2,"at":"2026-09-06T14:29:13.913Z","duration_ms":136921,"terminal":false,"error":{"name":"Error","message":"lineage glm-devpass exited 0 but did not produce expected artifact: specs/005-component-surface-system/051-modal-and-sheet-componentization/research/lineages/glm-devpass/research.md","failure_class":"salvage_miss","retry_verdict":"transient","retryable":true,"exit_code":0,"timed_out":false,"salvage":{"salvaged":0,"failed":1}},"gauges":{"lag":1,"pending":0,"failed":0},"skippedCount":1,"slotDurationMs":136664.203791}
{"event":"retry_scheduled","label":"glm-devpass","index":0,"at":"2026-09-06T14:29:13.913Z","retry_count":2,"next_attempt":3,"max_retries":5,"failure_class":"salvage_miss","retry_verdict":"transient","gauges":{"lag":1,"pending":1,"failed":0,"oldest_pending_lag_ms":106915}}
{"event":"started","label":"glm-devpass","index":0,"attempt":3,"at":"2026-09-06T14:29:13.913Z","gauges":{"lag":1,"pending":0,"failed":0}}
{"event":"progress","label":"glm-devpass","at":"2026-09-06T14:30:13.918Z","duration_ms":60004,"gauges":{"lag":1,"pending":0,"failed":0}}
{"event":"failed","label":"glm-devpass","index":0,"attempt":3,"at":"2026-09-06T14:30:59.723Z","duration_ms":105811,"terminal":false,"error":{"name":"Error","message":"lineage glm-devpass exited 0 but did not produce expected artifact: specs/005-component-surface-system/051-modal-and-sheet-componentization/research/lineages/glm-devpass/research.md","failure_class":"salvage_miss","retry_verdict":"transient","retryable":true,"exit_code":0,"timed_out":false,"salvage":{"salvaged":0,"failed":1}},"gauges":{"lag":1,"pending":0,"failed":0},"skippedCount":0,"slotDurationMs":105600.619}
{"event":"retry_scheduled","label":"glm-devpass","index":0,"at":"2026-09-06T14:30:59.724Z","retry_count":3,"next_attempt":4,"max_retries":5,"failure_class":"salvage_miss","retry_verdict":"transient","gauges":{"lag":1,"pending":1,"failed":0,"oldest_pending_lag_ms":75805}}
{"event":"started","label":"glm-devpass","index":0,"attempt":4,"at":"2026-09-06T14:30:59.724Z","gauges":{"lag":1,"pending":0,"failed":0}}
{"event":"progress","label":"glm-devpass","at":"2026-09-06T14:31:59.728Z","duration_ms":60004,"gauges":{"lag":1,"pending":0,"failed":0}}
{"event":"progress","label":"glm-devpass","at":"2026-09-06T14:32:59.730Z","duration_ms":120006,"gauges":{"lag":1,"pending":0,"failed":0}}
{"event":"progress","label":"glm-devpass","at":"2026-09-06T14:33:59.734Z","duration_ms":180010,"gauges":{"lag":1,"pending":0,"failed":0}}
{"event":"progress","label":"glm-devpass","at":"2026-09-06T14:34:59.737Z","duration_ms":240013,"gauges":{"lag":1,"pending":0,"failed":0}}
{"event":"failed","label":"glm-devpass","index":0,"attempt":4,"at":"2026-09-06T14:35:18.791Z","duration_ms":259067,"terminal":false,"error":{"name":"Error","message":"lineage glm-devpass exited 0 but did not produce expected artifact: specs/005-component-surface-system/051-modal-and-sheet-componentization/research/lineages/glm-devpass/research.md","failure_class":"salvage_miss","retry_verdict":"transient","retryable":true,"exit_code":0,"timed_out":false,"salvage":{"salvaged":0,"failed":1}},"gauges":{"lag":1,"pending":0,"failed":0},"skippedCount":3,"slotDurationMs":258895.970292}
{"event":"retry_scheduled","label":"glm-devpass","index":0,"at":"2026-09-06T14:35:18.792Z","retry_count":4,"next_attempt":5,"max_retries":5,"failure_class":"salvage_miss","retry_verdict":"transient","gauges":{"lag":1,"pending":1,"failed":0,"oldest_pending_lag_ms":229061}}
{"event":"started","label":"glm-devpass","index":0,"attempt":5,"at":"2026-09-06T14:35:18.792Z","gauges":{"lag":1,"pending":0,"failed":0}}
{"event":"progress","label":"glm-devpass","at":"2026-09-06T14:36:18.794Z","duration_ms":60002,"gauges":{"lag":1,"pending":0,"failed":0}}
{"event":"orphan_requeued","label":"glm-devpass","index":0,"started_at_iso":"2026-09-06T14:35:18.792Z","at":"2026-09-06T14:42:35.871Z","status":"requeued"}
{"event":"started","label":"glm-devpass","index":0,"attempt":6,"at":"2026-09-06T14:42:35.873Z","gauges":{"lag":1,"pending":0,"failed":0}}
{"event":"progress","label":"glm-devpass","at":"2026-09-06T14:43:38.613Z","duration_ms":60002,"gauges":{"lag":1,"pending":0,"failed":0}}
{"event":"progress","label":"glm-devpass","at":"2026-09-06T14:44:38.616Z","duration_ms":120005,"gauges":{"lag":1,"pending":0,"failed":0}}
{"event":"progress","label":"glm-devpass","at":"2026-09-06T14:45:38.619Z","duration_ms":180008,"gauges":{"lag":1,"pending":0,"failed":0}}
{"event":"progress","label":"glm-devpass","at":"2026-09-06T14:46:38.619Z","duration_ms":240008,"gauges":{"lag":1,"pending":0,"failed":0}}
{"event":"timestamp_anomaly","status":"warning","severity":"warning","label":"glm-devpass","at":"2026-09-06T14:47:27.040Z","state_log":"specs/005-component-surface-system/051-modal-and-sheet-componentization/research/lineages/glm-devpass/deep-research-state.jsonl","window":{"start_at_iso":"2026-09-06T14:42:35.875Z","end_at_iso":"2026-09-06T14:47:27.040Z","tolerance_ms":120000},"counts":{"anomalous":12,"untimestamped":0,"unparseable":0,"total":13},"sample":[{"index":0,"reason":"after_window","timestamp":"2026-09-06T16:00:00Z","deltaMs":4232960},{"index":1,"reason":"after_window","timestamp":"2026-09-06T16:20:00Z","deltaMs":5432960},{"index":2,"reason":"after_window","timestamp":"2026-09-06T16:45:00Z","deltaMs":6932960},{"index":3,"reason":"after_window","timestamp":"2026-09-06T17:05:00Z","deltaMs":8132960},{"index":4,"reason":"after_window","timestamp":"2026-09-06T17:25:00Z","deltaMs":9332960}]}
{"event":"completed","label":"glm-devpass","index":0,"attempt":6,"at":"2026-09-06T14:47:27.040Z","duration_ms":291167,"terminal":true,"gauges":{"lag":0,"pending":0,"failed":0},"skippedCount":3,"slotDurationMs":291007.165333}
{"event":"metadata_refresh_ok","status":"ok","spec_folder":"specs/005-component-surface-system/051-modal-and-sheet-componentization","at":"2026-09-06T14:47:27.041Z","generator":"generate-description.js"}
{"event":"metadata_refresh_ok","status":"ok","spec_folder":"specs/005-component-surface-system/051-modal-and-sheet-componentization","at":"2026-09-06T14:47:27.117Z","generator":"backfill-graph-metadata.js"}
