{"event":"started","label":"glm-5-2","index":0,"attempt":1,"at":"2026-08-25T01:02:10.032Z","gauges":{"lag":1,"pending":0,"failed":0}}
{"event":"progress","label":"glm-5-2","at":"2026-08-25T01:03:10.110Z","duration_ms":60002,"gauges":{"lag":1,"pending":0,"failed":0}}
{"event":"progress","label":"glm-5-2","at":"2026-08-25T01:04:10.112Z","duration_ms":120004,"gauges":{"lag":1,"pending":0,"failed":0}}
{"event":"progress","label":"glm-5-2","at":"2026-08-25T01:05:10.113Z","duration_ms":180005,"gauges":{"lag":1,"pending":0,"failed":0}}
{"event":"progress","label":"glm-5-2","at":"2026-08-25T01:06:10.114Z","duration_ms":240006,"gauges":{"lag":1,"pending":0,"failed":0}}
{"event":"progress","label":"glm-5-2","at":"2026-08-25T01:07:10.114Z","duration_ms":300006,"gauges":{"lag":1,"pending":0,"failed":0}}
{"event":"progress","label":"glm-5-2","at":"2026-08-25T01:08:10.116Z","duration_ms":360008,"gauges":{"lag":1,"pending":0,"failed":0}}
{"event":"progress","label":"glm-5-2","at":"2026-08-25T01:09:10.117Z","duration_ms":420009,"gauges":{"lag":1,"pending":0,"failed":0}}
{"event":"progress","label":"glm-5-2","at":"2026-08-25T01:10:10.119Z","duration_ms":480011,"gauges":{"lag":1,"pending":0,"failed":0}}
{"event":"progress","label":"glm-5-2","at":"2026-08-25T01:11:10.121Z","duration_ms":540013,"gauges":{"lag":1,"pending":0,"failed":0}}
{"event":"stall_detected","label":"glm-5-2","at":"2026-08-25T01:11:40.441Z","severity":"warning","metric":"time_since_last_lineage_event","stall_watchdog_ms":300000,"quiet_ms":300000,"gauges":{"lag":1,"pending":0,"failed":0}}
{"event":"progress","label":"glm-5-2","at":"2026-08-25T01:12:10.139Z","duration_ms":600032,"gauges":{"lag":1,"pending":0,"failed":0}}
{"event":"progress","label":"glm-5-2","at":"2026-08-25T01:13:10.157Z","duration_ms":660049,"gauges":{"lag":1,"pending":0,"failed":0}}
{"event":"progress","label":"glm-5-2","at":"2026-08-25T01:14:10.159Z","duration_ms":720051,"gauges":{"lag":1,"pending":0,"failed":0}}
{"event":"progress","label":"glm-5-2","at":"2026-08-25T01:15:10.162Z","duration_ms":780054,"gauges":{"lag":1,"pending":0,"failed":0}}
{"event":"progress","label":"glm-5-2","at":"2026-08-25T01:16:10.164Z","duration_ms":840056,"gauges":{"lag":1,"pending":0,"failed":0}}
{"event":"progress","label":"glm-5-2","at":"2026-08-25T01:17:10.167Z","duration_ms":900059,"gauges":{"lag":1,"pending":0,"failed":0}}
{"event":"progress","label":"glm-5-2","at":"2026-08-25T01:18:10.168Z","duration_ms":960060,"gauges":{"lag":1,"pending":0,"failed":0}}
{"event":"progress","label":"glm-5-2","at":"2026-08-25T01:19:10.171Z","duration_ms":1020063,"gauges":{"lag":1,"pending":0,"failed":0}}
{"event":"progress","label":"glm-5-2","at":"2026-08-25T01:20:10.174Z","duration_ms":1080066,"gauges":{"lag":1,"pending":0,"failed":0}}
{"event":"failed","label":"glm-5-2","index":0,"attempt":1,"at":"2026-08-25T01:20:11.098Z","duration_ms":1081065,"terminal":false,"error":{"name":"Error","message":"lineage glm-5-2 exited 0 but did not produce expected artifact: specs/obsidian/002-note-db-notion-parity-build/005-formula-let-variables/research/lineages/glm-5-2/research.md","failure_class":"salvage_miss","retry_verdict":"transient","retryable":true,"exit_code":0,"timed_out":false,"salvage":{"salvaged":0,"failed":1}},"gauges":{"lag":1,"pending":0,"failed":0},"skippedCount":17,"slotDurationMs":1080525.815208}
{"event":"retry_scheduled","label":"glm-5-2","index":0,"at":"2026-08-25T01:20:11.098Z","retry_count":1,"next_attempt":2,"max_retries":5,"failure_class":"salvage_miss","retry_verdict":"transient","gauges":{"lag":1,"pending":1,"failed":0,"oldest_pending_lag_ms":902}}
{"event":"started","label":"glm-5-2","index":0,"attempt":2,"at":"2026-08-25T01:20:11.098Z","gauges":{"lag":1,"pending":0,"failed":0}}
{"event":"progress","label":"glm-5-2","at":"2026-08-25T01:21:11.105Z","duration_ms":60002,"gauges":{"lag":1,"pending":0,"failed":0}}
{"event":"progress","label":"glm-5-2","at":"2026-08-25T01:22:11.106Z","duration_ms":120003,"gauges":{"lag":1,"pending":0,"failed":0}}
{"event":"progress","label":"glm-5-2","at":"2026-08-25T01:23:11.108Z","duration_ms":180005,"gauges":{"lag":1,"pending":0,"failed":0}}
{"event":"progress","label":"glm-5-2","at":"2026-08-25T01:24:11.108Z","duration_ms":240005,"gauges":{"lag":1,"pending":0,"failed":0}}
{"event":"progress","label":"glm-5-2","at":"2026-08-25T01:25:11.110Z","duration_ms":300007,"gauges":{"lag":1,"pending":0,"failed":0}}
{"event":"progress","label":"glm-5-2","at":"2026-08-25T01:26:11.113Z","duration_ms":360010,"gauges":{"lag":1,"pending":0,"failed":0}}
{"event":"progress","label":"glm-5-2","at":"2026-08-25T01:27:11.115Z","duration_ms":420012,"gauges":{"lag":1,"pending":0,"failed":0}}
{"event":"progress","label":"glm-5-2","at":"2026-08-25T01:28:11.118Z","duration_ms":480015,"gauges":{"lag":1,"pending":0,"failed":0}}
{"event":"progress","label":"glm-5-2","at":"2026-08-25T01:29:11.119Z","duration_ms":540016,"gauges":{"lag":1,"pending":0,"failed":0}}
{"event":"progress","label":"glm-5-2","at":"2026-08-25T01:30:11.122Z","duration_ms":600019,"gauges":{"lag":1,"pending":0,"failed":0}}
{"event":"progress","label":"glm-5-2","at":"2026-08-25T01:31:11.124Z","duration_ms":660021,"gauges":{"lag":1,"pending":0,"failed":0}}
{"event":"progress","label":"glm-5-2","at":"2026-08-25T01:32:11.126Z","duration_ms":720023,"gauges":{"lag":1,"pending":0,"failed":0}}
{"event":"progress","label":"glm-5-2","at":"2026-08-25T01:33:11.128Z","duration_ms":780025,"gauges":{"lag":1,"pending":0,"failed":0}}
{"event":"progress","label":"glm-5-2","at":"2026-08-25T01:34:11.130Z","duration_ms":840027,"gauges":{"lag":1,"pending":0,"failed":0}}
{"event":"progress","label":"glm-5-2","at":"2026-08-25T01:35:11.133Z","duration_ms":900030,"gauges":{"lag":1,"pending":0,"failed":0}}
{"event":"progress","label":"glm-5-2","at":"2026-08-25T01:36:11.136Z","duration_ms":960033,"gauges":{"lag":1,"pending":0,"failed":0}}
