{"event":"started","label":"glm-devpass-sheets","index":0,"attempt":1,"at":"2026-09-06T14:37:19.281Z","gauges":{"lag":1,"pending":0,"failed":0}}
{"event":"progress","label":"glm-devpass-sheets","at":"2026-09-06T14:38:21.945Z","duration_ms":60002,"gauges":{"lag":1,"pending":0,"failed":0}}
{"event":"progress","label":"glm-devpass-sheets","at":"2026-09-06T14:39:21.948Z","duration_ms":120005,"gauges":{"lag":1,"pending":0,"failed":0}}
{"event":"progress","label":"glm-devpass-sheets","at":"2026-09-06T14:40:21.950Z","duration_ms":180007,"gauges":{"lag":1,"pending":0,"failed":0}}
{"event":"progress","label":"glm-devpass-sheets","at":"2026-09-06T14:41:21.953Z","duration_ms":240010,"gauges":{"lag":1,"pending":0,"failed":0}}
{"event":"progress","label":"glm-devpass-sheets","at":"2026-09-06T14:42:21.955Z","duration_ms":300012,"gauges":{"lag":1,"pending":0,"failed":0}}
{"event":"progress","label":"glm-devpass-sheets","at":"2026-09-06T14:43:21.956Z","duration_ms":360013,"gauges":{"lag":1,"pending":0,"failed":0}}
{"event":"progress","label":"glm-devpass-sheets","at":"2026-09-06T14:44:21.960Z","duration_ms":420017,"gauges":{"lag":1,"pending":0,"failed":0}}
{"event":"progress","label":"glm-devpass-sheets","at":"2026-09-06T14:45:21.962Z","duration_ms":480019,"gauges":{"lag":1,"pending":0,"failed":0}}
{"event":"progress","label":"glm-devpass-sheets","at":"2026-09-06T14:46:21.964Z","duration_ms":540021,"gauges":{"lag":1,"pending":0,"failed":0}}
{"event":"progress","label":"glm-devpass-sheets","at":"2026-09-06T14:47:21.965Z","duration_ms":600022,"gauges":{"lag":1,"pending":0,"failed":0}}
{"event":"progress","label":"glm-devpass-sheets","at":"2026-09-06T14:48:21.967Z","duration_ms":660024,"gauges":{"lag":1,"pending":0,"failed":0}}
{"event":"progress","label":"glm-devpass-sheets","at":"2026-09-06T14:49:21.969Z","duration_ms":720026,"gauges":{"lag":1,"pending":0,"failed":0}}
{"event":"progress","label":"glm-devpass-sheets","at":"2026-09-06T14:50:21.972Z","duration_ms":780029,"gauges":{"lag":1,"pending":0,"failed":0}}
{"event":"progress","label":"glm-devpass-sheets","at":"2026-09-06T14:51:21.975Z","duration_ms":840032,"gauges":{"lag":1,"pending":0,"failed":0}}
{"event":"progress","label":"glm-devpass-sheets","at":"2026-09-06T14:52:21.976Z","duration_ms":900033,"gauges":{"lag":1,"pending":0,"failed":0}}
{"event":"progress","label":"glm-devpass-sheets","at":"2026-09-06T14:53:21.978Z","duration_ms":960035,"gauges":{"lag":1,"pending":0,"failed":0}}
{"event":"progress","label":"glm-devpass-sheets","at":"2026-09-06T14:54:21.981Z","duration_ms":1020038,"gauges":{"lag":1,"pending":0,"failed":0}}
{"event":"progress","label":"glm-devpass-sheets","at":"2026-09-06T14:55:21.984Z","duration_ms":1080041,"gauges":{"lag":1,"pending":0,"failed":0}}
{"event":"timestamp_anomaly","status":"warning","severity":"warning","label":"glm-devpass-sheets","at":"2026-09-06T14:55:28.846Z","state_log":"specs/005-component-surface-system/051-modal-and-sheet-componentization/research/lineages/glm-devpass-sheets/deep-research-state.jsonl","window":{"start_at_iso":"2026-09-06T14:37:19.283Z","end_at_iso":"2026-09-06T14:55:28.845Z","tolerance_ms":120000},"counts":{"anomalous":8,"untimestamped":1,"unparseable":0,"total":9},"sample":[{"index":1,"reason":"before_window","timestamp":"2026-09-06T00:00:01Z","deltaMs":52518283},{"index":2,"reason":"before_window","timestamp":"2026-09-06T00:10:00Z","deltaMs":51919283},{"index":3,"reason":"before_window","timestamp":"2026-09-06T00:20:00Z","deltaMs":51319283},{"index":4,"reason":"before_window","timestamp":"2026-09-06T00:30:00Z","deltaMs":50719283},{"index":5,"reason":"before_window","timestamp":"2026-09-06T00:40:00Z","deltaMs":50119283}]}
{"event":"completed","label":"glm-devpass-sheets","index":0,"attempt":1,"at":"2026-09-06T14:55:28.846Z","duration_ms":1089565,"terminal":true,"gauges":{"lag":0,"pending":0,"failed":0},"skippedCount":17,"slotDurationMs":1089332.21975}
{"event":"metadata_refresh_ok","status":"ok","spec_folder":"specs/005-component-surface-system/051-modal-and-sheet-componentization","at":"2026-09-06T14:55:28.847Z","generator":"generate-description.js"}
{"event":"metadata_refresh_ok","status":"ok","spec_folder":"specs/005-component-surface-system/051-modal-and-sheet-componentization","at":"2026-09-06T14:55:28.953Z","generator":"backfill-graph-metadata.js"}
