{"event":"started","label":"perf","index":0,"attempt":1,"at":"2026-08-29T07:15:25.071Z","gauges":{"lag":1,"pending":0,"failed":0}}
{"event":"progress","label":"perf","at":"2026-08-29T07:16:25.202Z","duration_ms":60000,"gauges":{"lag":1,"pending":0,"failed":0}}
{"event":"progress","label":"perf","at":"2026-08-29T07:17:25.203Z","duration_ms":120001,"gauges":{"lag":1,"pending":0,"failed":0}}
{"event":"progress","label":"perf","at":"2026-08-29T07:18:25.204Z","duration_ms":180002,"gauges":{"lag":1,"pending":0,"failed":0}}
{"event":"progress","label":"perf","at":"2026-08-29T07:19:25.206Z","duration_ms":240004,"gauges":{"lag":1,"pending":0,"failed":0}}
{"event":"progress","label":"perf","at":"2026-08-29T07:20:25.206Z","duration_ms":300004,"gauges":{"lag":1,"pending":0,"failed":0}}
{"event":"progress","label":"perf","at":"2026-08-29T07:21:25.208Z","duration_ms":360006,"gauges":{"lag":1,"pending":0,"failed":0}}
{"event":"progress","label":"perf","at":"2026-08-29T07:22:25.209Z","duration_ms":420007,"gauges":{"lag":1,"pending":0,"failed":0}}
{"event":"progress","label":"perf","at":"2026-08-29T07:23:25.210Z","duration_ms":480008,"gauges":{"lag":1,"pending":0,"failed":0}}
{"event":"progress","label":"perf","at":"2026-08-29T07:24:25.211Z","duration_ms":540009,"gauges":{"lag":1,"pending":0,"failed":0}}
{"event":"progress","label":"perf","at":"2026-08-29T07:25:25.212Z","duration_ms":600010,"gauges":{"lag":1,"pending":0,"failed":0}}
{"event":"progress","label":"perf","at":"2026-08-29T07:26:25.213Z","duration_ms":660011,"gauges":{"lag":1,"pending":0,"failed":0}}
{"event":"progress","label":"perf","at":"2026-08-29T07:27:25.214Z","duration_ms":720012,"gauges":{"lag":1,"pending":0,"failed":0}}
{"event":"progress","label":"perf","at":"2026-08-29T07:28:25.215Z","duration_ms":780013,"gauges":{"lag":1,"pending":0,"failed":0}}
{"event":"progress","label":"perf","at":"2026-08-29T07:29:25.216Z","duration_ms":840014,"gauges":{"lag":1,"pending":0,"failed":0}}
{"event":"progress","label":"perf","at":"2026-08-29T07:30:25.217Z","duration_ms":900015,"gauges":{"lag":1,"pending":0,"failed":0}}
{"event":"progress","label":"perf","at":"2026-08-29T07:31:25.219Z","duration_ms":960017,"gauges":{"lag":1,"pending":0,"failed":0}}
{"event":"progress","label":"perf","at":"2026-08-29T07:32:25.228Z","duration_ms":1020026,"gauges":{"lag":1,"pending":0,"failed":0}}
{"event":"progress","label":"perf","at":"2026-08-29T07:33:25.229Z","duration_ms":1080027,"gauges":{"lag":1,"pending":0,"failed":0}}
{"event":"progress","label":"perf","at":"2026-08-29T07:34:25.231Z","duration_ms":1140029,"gauges":{"lag":1,"pending":0,"failed":0}}
{"event":"progress","label":"perf","at":"2026-08-29T07:35:25.232Z","duration_ms":1200030,"gauges":{"lag":1,"pending":0,"failed":0}}
{"event":"progress","label":"perf","at":"2026-08-29T07:36:25.234Z","duration_ms":1260032,"gauges":{"lag":1,"pending":0,"failed":0}}
{"event":"progress","label":"perf","at":"2026-08-29T07:37:25.236Z","duration_ms":1320034,"gauges":{"lag":1,"pending":0,"failed":0}}
{"event":"progress","label":"perf","at":"2026-08-29T07:38:25.239Z","duration_ms":1380037,"gauges":{"lag":1,"pending":0,"failed":0}}
{"type":"event","event":"containment_advisory","severity":"warning","at":"2026-08-29T07:39:09.495Z","label":"perf","run_id":"1787987725068-w0s5l3","loop_type":"research","spec_folder":"specs/public/003-ui-improvement-build/023-performance-research","iteration":1,"gauges":{"lag":1,"pending":0,"failed":0},"violations":[{"path":"specs/public/003-ui-improvement-build/023-performance-research/research/observability-events.jsonl","kind":"untracked","status":"??"},{"path":"specs/public/003-ui-improvement-build/023-performance-research/research/orchestration-status.log","kind":"untracked","status":"??"}],"reverted":[{"path":"specs/public/003-ui-improvement-build/022-desktop-popover-research/research/observability-events.jsonl","action":"preserved_untracked","ok":true},{"path":"specs/public/003-ui-improvement-build/022-desktop-popover-research/research/orchestration-status.log","action":"preserved_untracked","ok":true},{"path":"specs/public/003-ui-improvement-build/023-performance-research/research/observability-events.jsonl","action":"preserved_untracked","ok":true},{"path":"specs/public/003-ui-improvement-build/023-performance-research/research/orchestration-status.log","action":"preserved_untracked","ok":true}]}
{"type":"event","event":"containment_violation","severity":"error","timestamp":"2026-08-29T07:39:09.495Z","iteration":1,"label":"perf","violations":[{"path":"specs/public/003-ui-improvement-build/022-desktop-popover-research/research/observability-events.jsonl","kind":"untracked","status":"??"},{"path":"specs/public/003-ui-improvement-build/022-desktop-popover-research/research/orchestration-status.log","kind":"untracked","status":"??"},{"path":"specs/public/003-ui-improvement-build/023-performance-research/research/observability-events.jsonl","kind":"untracked","status":"??"},{"path":"specs/public/003-ui-improvement-build/023-performance-research/research/orchestration-status.log","kind":"untracked","status":"??"}],"reverted":[{"path":"specs/public/003-ui-improvement-build/022-desktop-popover-research/research/observability-events.jsonl","action":"preserved_untracked","ok":true},{"path":"specs/public/003-ui-improvement-build/022-desktop-popover-research/research/orchestration-status.log","action":"preserved_untracked","ok":true},{"path":"specs/public/003-ui-improvement-build/023-performance-research/research/observability-events.jsonl","action":"preserved_untracked","ok":true},{"path":"specs/public/003-ui-improvement-build/023-performance-research/research/orchestration-status.log","action":"preserved_untracked","ok":true}],"at":"2026-08-29T07:39:09.496Z","run_id":"1787987725068-w0s5l3","loop_type":"research","spec_folder":"specs/public/003-ui-improvement-build/023-performance-research","gauges":{"lag":1,"pending":0,"failed":0}}
{"event":"failed","label":"perf","index":0,"attempt":1,"at":"2026-08-29T07:39:09.496Z","duration_ms":1424423,"terminal":true,"error":{"name":"Error","message":"lineage perf violated write containment: reverted 2 out-of-scope path(s): specs/public/003-ui-improvement-build/022-desktop-popover-research/research/observability-events.jsonl, specs/public/003-ui-improvement-build/022-desktop-popover-research/research/orchestration-status.log","failure_class":"exit","retry_verdict":"fatal","retryable":false,"exit_code":1,"timed_out":false,"salvage":{"salvaged":0,"failed":0}},"gauges":{"lag":0,"pending":0,"failed":1},"skippedCount":22,"slotDurationMs":1423122.155542}
