{"event":"started","label":"glm-devpass-table","index":0,"attempt":1,"at":"2026-09-06T14:31:48.653Z","gauges":{"lag":1,"pending":0,"failed":0}}
{"event":"progress","label":"glm-devpass-table","at":"2026-09-06T14:32:48.719Z","duration_ms":60003,"gauges":{"lag":1,"pending":0,"failed":0}}
{"event":"progress","label":"glm-devpass-table","at":"2026-09-06T14:33:48.723Z","duration_ms":120007,"gauges":{"lag":1,"pending":0,"failed":0}}
{"event":"progress","label":"glm-devpass-table","at":"2026-09-06T14:34:48.726Z","duration_ms":180010,"gauges":{"lag":1,"pending":0,"failed":0}}
{"event":"progress","label":"glm-devpass-table","at":"2026-09-06T14:35:48.730Z","duration_ms":240014,"gauges":{"lag":1,"pending":0,"failed":0}}
{"event":"progress","label":"glm-devpass-table","at":"2026-09-06T14:36:48.732Z","duration_ms":300016,"gauges":{"lag":1,"pending":0,"failed":0}}
{"event":"orphan_requeued","label":"glm-devpass-table","index":0,"started_at_iso":"2026-09-06T14:31:48.653Z","at":"2026-09-06T14:38:32.342Z","status":"requeued"}
{"event":"started","label":"glm-devpass-table","index":0,"attempt":2,"at":"2026-09-06T14:38:32.344Z","gauges":{"lag":1,"pending":0,"failed":0}}
{"event":"progress","label":"glm-devpass-table","at":"2026-09-06T14:39:35.122Z","duration_ms":60001,"gauges":{"lag":1,"pending":0,"failed":0}}
{"event":"progress","label":"glm-devpass-table","at":"2026-09-06T14:40:35.123Z","duration_ms":120002,"gauges":{"lag":1,"pending":0,"failed":0}}
{"event":"progress","label":"glm-devpass-table","at":"2026-09-06T14:41:35.125Z","duration_ms":180004,"gauges":{"lag":1,"pending":0,"failed":0}}
{"event":"progress","label":"glm-devpass-table","at":"2026-09-06T14:42:35.127Z","duration_ms":240006,"gauges":{"lag":1,"pending":0,"failed":0}}
{"event":"progress","label":"glm-devpass-table","at":"2026-09-06T14:43:35.129Z","duration_ms":300008,"gauges":{"lag":1,"pending":0,"failed":0}}
{"event":"progress","label":"glm-devpass-table","at":"2026-09-06T14:44:35.131Z","duration_ms":360010,"gauges":{"lag":1,"pending":0,"failed":0}}
{"event":"progress","label":"glm-devpass-table","at":"2026-09-06T14:45:35.133Z","duration_ms":420012,"gauges":{"lag":1,"pending":0,"failed":0}}
{"event":"progress","label":"glm-devpass-table","at":"2026-09-06T14:46:35.136Z","duration_ms":480015,"gauges":{"lag":1,"pending":0,"failed":0}}
{"event":"progress","label":"glm-devpass-table","at":"2026-09-06T14:47:35.138Z","duration_ms":540017,"gauges":{"lag":1,"pending":0,"failed":0}}
{"event":"progress","label":"glm-devpass-table","at":"2026-09-06T14:48:35.139Z","duration_ms":600018,"gauges":{"lag":1,"pending":0,"failed":0}}
{"event":"progress","label":"glm-devpass-table","at":"2026-09-06T14:49:35.142Z","duration_ms":660021,"gauges":{"lag":1,"pending":0,"failed":0}}
{"event":"progress","label":"glm-devpass-table","at":"2026-09-06T14:50:35.145Z","duration_ms":720024,"gauges":{"lag":1,"pending":0,"failed":0}}
{"event":"progress","label":"glm-devpass-table","at":"2026-09-06T14:51:35.148Z","duration_ms":780027,"gauges":{"lag":1,"pending":0,"failed":0}}
{"event":"progress","label":"glm-devpass-table","at":"2026-09-06T14:52:35.151Z","duration_ms":840030,"gauges":{"lag":1,"pending":0,"failed":0}}
{"event":"progress","label":"glm-devpass-table","at":"2026-09-06T14:53:35.154Z","duration_ms":900033,"gauges":{"lag":1,"pending":0,"failed":0}}
{"event":"progress","label":"glm-devpass-table","at":"2026-09-06T14:54:35.157Z","duration_ms":960036,"gauges":{"lag":1,"pending":0,"failed":0}}
{"event":"progress","label":"glm-devpass-table","at":"2026-09-06T14:55:35.159Z","duration_ms":1020038,"gauges":{"lag":1,"pending":0,"failed":0}}
{"event":"progress","label":"glm-devpass-table","at":"2026-09-06T14:56:35.120Z","duration_ms":1079999,"gauges":{"lag":1,"pending":0,"failed":0}}
{"event":"progress","label":"glm-devpass-table","at":"2026-09-06T14:57:35.112Z","duration_ms":1139991,"gauges":{"lag":1,"pending":0,"failed":0}}
{"event":"progress","label":"glm-devpass-table","at":"2026-09-06T14:58:35.112Z","duration_ms":1199991,"gauges":{"lag":1,"pending":0,"failed":0}}
{"event":"completed","label":"glm-devpass-table","index":0,"attempt":2,"at":"2026-09-06T14:58:54.853Z","duration_ms":1222509,"terminal":true,"gauges":{"lag":0,"pending":0,"failed":0},"skippedCount":19,"slotDurationMs":1222416.388792}
{"event":"metadata_refresh_ok","status":"ok","spec_folder":"specs/005-component-surface-system/053-toolbar-and-view-controls","at":"2026-09-06T14:58:54.854Z","generator":"generate-description.js"}
{"event":"metadata_refresh_ok","status":"ok","spec_folder":"specs/005-component-surface-system/053-toolbar-and-view-controls","at":"2026-09-06T14:58:54.964Z","generator":"backfill-graph-metadata.js"}
