{"event":"started","label":"luna-max-fast-pm-harvest","index":0,"attempt":1,"at":"2026-09-02T20:01:18.690Z","gauges":{"lag":1,"pending":0,"failed":0}}
{"event":"progress","label":"luna-max-fast-pm-harvest","at":"2026-09-02T20:02:19.727Z","duration_ms":60002,"gauges":{"lag":1,"pending":0,"failed":0}}
{"event":"progress","label":"luna-max-fast-pm-harvest","at":"2026-09-02T20:03:19.728Z","duration_ms":120003,"gauges":{"lag":1,"pending":0,"failed":0}}
{"event":"progress","label":"luna-max-fast-pm-harvest","at":"2026-09-02T20:04:19.730Z","duration_ms":180005,"gauges":{"lag":1,"pending":0,"failed":0}}
{"event":"progress","label":"luna-max-fast-pm-harvest","at":"2026-09-02T20:05:19.731Z","duration_ms":240006,"gauges":{"lag":1,"pending":0,"failed":0}}
{"event":"progress","label":"luna-max-fast-pm-harvest","at":"2026-09-02T20:06:19.733Z","duration_ms":300008,"gauges":{"lag":1,"pending":0,"failed":0}}
{"event":"progress","label":"luna-max-fast-pm-harvest","at":"2026-09-02T20:07:19.735Z","duration_ms":360010,"gauges":{"lag":1,"pending":0,"failed":0}}
{"event":"progress","label":"luna-max-fast-pm-harvest","at":"2026-09-02T20:08:19.737Z","duration_ms":420012,"gauges":{"lag":1,"pending":0,"failed":0}}
{"event":"progress","label":"luna-max-fast-pm-harvest","at":"2026-09-02T20:09:19.738Z","duration_ms":480013,"gauges":{"lag":1,"pending":0,"failed":0}}
{"event":"progress","label":"luna-max-fast-pm-harvest","at":"2026-09-02T20:10:19.741Z","duration_ms":540016,"gauges":{"lag":1,"pending":0,"failed":0}}
{"event":"progress","label":"luna-max-fast-pm-harvest","at":"2026-09-02T20:11:19.743Z","duration_ms":600018,"gauges":{"lag":1,"pending":0,"failed":0}}
{"event":"progress","label":"luna-max-fast-pm-harvest","at":"2026-09-02T20:12:19.746Z","duration_ms":660021,"gauges":{"lag":1,"pending":0,"failed":0}}
{"event":"progress","label":"luna-max-fast-pm-harvest","at":"2026-09-02T20:13:19.748Z","duration_ms":720023,"gauges":{"lag":1,"pending":0,"failed":0}}
{"event":"progress","label":"luna-max-fast-pm-harvest","at":"2026-09-02T20:14:19.750Z","duration_ms":780025,"gauges":{"lag":1,"pending":0,"failed":0}}
{"event":"stall_detected","label":"luna-max-fast-pm-harvest","at":"2026-09-02T20:14:19.752Z","severity":"warning","metric":"time_since_last_lineage_event","stall_watchdog_ms":300000,"quiet_ms":300002,"gauges":{"lag":1,"pending":0,"failed":0}}
{"event":"progress","label":"luna-max-fast-pm-harvest","at":"2026-09-02T20:15:19.752Z","duration_ms":840027,"gauges":{"lag":1,"pending":0,"failed":0}}
{"event":"progress","label":"luna-max-fast-pm-harvest","at":"2026-09-02T20:16:19.755Z","duration_ms":900030,"gauges":{"lag":1,"pending":0,"failed":0}}
{"event":"progress","label":"luna-max-fast-pm-harvest","at":"2026-09-02T20:17:19.757Z","duration_ms":960032,"gauges":{"lag":1,"pending":0,"failed":0}}
{"event":"progress","label":"luna-max-fast-pm-harvest","at":"2026-09-02T20:18:19.759Z","duration_ms":1020034,"gauges":{"lag":1,"pending":0,"failed":0}}
{"event":"progress","label":"luna-max-fast-pm-harvest","at":"2026-09-02T20:19:19.760Z","duration_ms":1080035,"gauges":{"lag":1,"pending":0,"failed":0}}
{"event":"progress","label":"luna-max-fast-pm-harvest","at":"2026-09-02T20:20:19.763Z","duration_ms":1140038,"gauges":{"lag":1,"pending":0,"failed":0}}
{"event":"progress","label":"luna-max-fast-pm-harvest","at":"2026-09-02T20:21:19.765Z","duration_ms":1200040,"gauges":{"lag":1,"pending":0,"failed":0}}
{"event":"progress","label":"luna-max-fast-pm-harvest","at":"2026-09-02T20:22:19.768Z","duration_ms":1260043,"gauges":{"lag":1,"pending":0,"failed":0}}
{"event":"progress","label":"luna-max-fast-pm-harvest","at":"2026-09-02T20:23:19.770Z","duration_ms":1320045,"gauges":{"lag":1,"pending":0,"failed":0}}
{"event":"progress","label":"luna-max-fast-pm-harvest","at":"2026-09-02T20:24:19.773Z","duration_ms":1380048,"gauges":{"lag":1,"pending":0,"failed":0}}
{"event":"progress","label":"luna-max-fast-pm-harvest","at":"2026-09-02T20:25:19.775Z","duration_ms":1440050,"gauges":{"lag":1,"pending":0,"failed":0}}
{"event":"progress","label":"luna-max-fast-pm-harvest","at":"2026-09-02T20:26:19.776Z","duration_ms":1500051,"gauges":{"lag":1,"pending":0,"failed":0}}
{"event":"progress","label":"luna-max-fast-pm-harvest","at":"2026-09-02T20:27:19.778Z","duration_ms":1560053,"gauges":{"lag":1,"pending":0,"failed":0}}
{"event":"progress","label":"luna-max-fast-pm-harvest","at":"2026-09-02T20:28:19.781Z","duration_ms":1620056,"gauges":{"lag":1,"pending":0,"failed":0}}
{"event":"progress","label":"luna-max-fast-pm-harvest","at":"2026-09-02T20:29:19.782Z","duration_ms":1680057,"gauges":{"lag":1,"pending":0,"failed":0}}
{"event":"progress","label":"luna-max-fast-pm-harvest","at":"2026-09-02T20:30:19.781Z","duration_ms":1740056,"gauges":{"lag":1,"pending":0,"failed":0}}
{"event":"progress","label":"luna-max-fast-pm-harvest","at":"2026-09-02T20:31:19.781Z","duration_ms":1800056,"gauges":{"lag":1,"pending":0,"failed":0}}
{"event":"progress","label":"luna-max-fast-pm-harvest","at":"2026-09-02T20:32:19.784Z","duration_ms":1860059,"gauges":{"lag":1,"pending":0,"failed":0}}
{"event":"progress","label":"luna-max-fast-pm-harvest","at":"2026-09-02T20:33:19.786Z","duration_ms":1920061,"gauges":{"lag":1,"pending":0,"failed":0}}
{"event":"progress","label":"luna-max-fast-pm-harvest","at":"2026-09-02T20:34:19.789Z","duration_ms":1980064,"gauges":{"lag":1,"pending":0,"failed":0}}
{"event":"progress","label":"luna-max-fast-pm-harvest","at":"2026-09-02T20:35:19.791Z","duration_ms":2040066,"gauges":{"lag":1,"pending":0,"failed":0}}
{"event":"progress","label":"luna-max-fast-pm-harvest","at":"2026-09-02T20:36:19.794Z","duration_ms":2100069,"gauges":{"lag":1,"pending":0,"failed":0}}
{"event":"progress","label":"luna-max-fast-pm-harvest","at":"2026-09-02T20:37:19.796Z","duration_ms":2160071,"gauges":{"lag":1,"pending":0,"failed":0}}
{"event":"progress","label":"luna-max-fast-pm-harvest","at":"2026-09-02T20:38:19.798Z","duration_ms":2220073,"gauges":{"lag":1,"pending":0,"failed":0}}
{"event":"progress","label":"luna-max-fast-pm-harvest","at":"2026-09-02T20:39:19.798Z","duration_ms":2280073,"gauges":{"lag":1,"pending":0,"failed":0}}
{"event":"progress","label":"luna-max-fast-pm-harvest","at":"2026-09-02T20:40:19.801Z","duration_ms":2340076,"gauges":{"lag":1,"pending":0,"failed":0}}
{"type":"event","event":"containment_advisory","severity":"warning","at":"2026-09-02T20:41:00.389Z","label":"luna-max-fast-pm-harvest","run_id":"1788379278687-inumo2","loop_type":"research","spec_folder":"specs/005-component-surface-system/036-obsidian-pm-ui-harvest","iteration":1,"gauges":{"lag":1,"pending":0,"failed":0},"violations":[{"path":"specs/005-component-surface-system/036-obsidian-pm-ui-harvest/event-007.json","kind":"untracked","status":"??"},{"path":"specs/005-component-surface-system/036-obsidian-pm-ui-harvest/event-008.json","kind":"untracked","status":"??"},{"path":"specs/005-component-surface-system/036-obsidian-pm-ui-harvest/event-009.json","kind":"untracked","status":"??"},{"path":"specs/005-component-surface-system/036-obsidian-pm-ui-harvest/event-010.json","kind":"untracked","status":"??"},{"path":"specs/005-component-surface-system/036-obsidian-pm-ui-harvest/event-011.json","kind":"untracked","status":"??"},{"path":"specs/005-component-surface-system/036-obsidian-pm-ui-harvest/event-012.json","kind":"untracked","status":"??"},{"path":"specs/005-component-surface-system/036-obsidian-pm-ui-harvest/event-013.json","kind":"untracked","status":"??"},{"path":"specs/005-component-surface-system/036-obsidian-pm-ui-harvest/event-014.json","kind":"untracked","status":"??"},{"path":"specs/005-component-surface-system/036-obsidian-pm-ui-harvest/event-015.json","kind":"untracked","status":"??"},{"path":"specs/005-component-surface-system/036-obsidian-pm-ui-harvest/event-016.json","kind":"untracked","status":"??"},{"path":"specs/005-component-surface-system/036-obsidian-pm-ui-harvest/event-017.json","kind":"untracked","status":"??"},{"path":"specs/005-component-surface-system/036-obsidian-pm-ui-harvest/event-018.json","kind":"untracked","status":"??"}],"reverted":[{"path":"specs/005-component-surface-system/036-obsidian-pm-ui-harvest/event-007.json","action":"preserved_untracked","ok":true},{"path":"specs/005-component-surface-system/036-obsidian-pm-ui-harvest/event-008.json","action":"preserved_untracked","ok":true},{"path":"specs/005-component-surface-system/036-obsidian-pm-ui-harvest/event-009.json","action":"preserved_untracked","ok":true},{"path":"specs/005-component-surface-system/036-obsidian-pm-ui-harvest/event-010.json","action":"preserved_untracked","ok":true},{"path":"specs/005-component-surface-system/036-obsidian-pm-ui-harvest/event-011.json","action":"preserved_untracked","ok":true},{"path":"specs/005-component-surface-system/036-obsidian-pm-ui-harvest/event-012.json","action":"preserved_untracked","ok":true},{"path":"specs/005-component-surface-system/036-obsidian-pm-ui-harvest/event-013.json","action":"preserved_untracked","ok":true},{"path":"specs/005-component-surface-system/036-obsidian-pm-ui-harvest/event-014.json","action":"preserved_untracked","ok":true},{"path":"specs/005-component-surface-system/036-obsidian-pm-ui-harvest/event-015.json","action":"preserved_untracked","ok":true},{"path":"specs/005-component-surface-system/036-obsidian-pm-ui-harvest/event-016.json","action":"preserved_untracked","ok":true},{"path":"specs/005-component-surface-system/036-obsidian-pm-ui-harvest/event-017.json","action":"preserved_untracked","ok":true},{"path":"specs/005-component-surface-system/036-obsidian-pm-ui-harvest/event-018.json","action":"preserved_untracked","ok":true}]}
{"event":"completed","label":"luna-max-fast-pm-harvest","index":0,"attempt":1,"at":"2026-09-02T20:41:00.390Z","duration_ms":2381700,"terminal":true,"gauges":{"lag":0,"pending":0,"failed":0},"skippedCount":38,"slotDurationMs":2381397.503292}
