{"event":"started","label":"popover","index":0,"attempt":1,"at":"2026-08-29T07:15:15.426Z","gauges":{"lag":1,"pending":0,"failed":0}}
{"event":"progress","label":"popover","at":"2026-08-29T07:16:23.463Z","duration_ms":60001,"gauges":{"lag":1,"pending":0,"failed":0}}
{"event":"progress","label":"popover","at":"2026-08-29T07:17:23.464Z","duration_ms":120002,"gauges":{"lag":1,"pending":0,"failed":0}}
{"event":"progress","label":"popover","at":"2026-08-29T07:18:23.465Z","duration_ms":180003,"gauges":{"lag":1,"pending":0,"failed":0}}
{"event":"progress","label":"popover","at":"2026-08-29T07:19:23.466Z","duration_ms":240004,"gauges":{"lag":1,"pending":0,"failed":0}}
{"event":"progress","label":"popover","at":"2026-08-29T07:20:23.467Z","duration_ms":300005,"gauges":{"lag":1,"pending":0,"failed":0}}
{"event":"progress","label":"popover","at":"2026-08-29T07:21:23.469Z","duration_ms":360007,"gauges":{"lag":1,"pending":0,"failed":0}}
{"event":"progress","label":"popover","at":"2026-08-29T07:22:23.470Z","duration_ms":420008,"gauges":{"lag":1,"pending":0,"failed":0}}
{"event":"progress","label":"popover","at":"2026-08-29T07:23:23.471Z","duration_ms":480009,"gauges":{"lag":1,"pending":0,"failed":0}}
{"event":"progress","label":"popover","at":"2026-08-29T07:24:23.473Z","duration_ms":540011,"gauges":{"lag":1,"pending":0,"failed":0}}
{"event":"progress","label":"popover","at":"2026-08-29T07:25:23.473Z","duration_ms":600011,"gauges":{"lag":1,"pending":0,"failed":0}}
{"event":"progress","label":"popover","at":"2026-08-29T07:26:23.474Z","duration_ms":660012,"gauges":{"lag":1,"pending":0,"failed":0}}
{"event":"progress","label":"popover","at":"2026-08-29T07:27:23.476Z","duration_ms":720014,"gauges":{"lag":1,"pending":0,"failed":0}}
{"event":"progress","label":"popover","at":"2026-08-29T07:28:23.477Z","duration_ms":780015,"gauges":{"lag":1,"pending":0,"failed":0}}
{"event":"progress","label":"popover","at":"2026-08-29T07:29:23.479Z","duration_ms":840017,"gauges":{"lag":1,"pending":0,"failed":0}}
{"event":"progress","label":"popover","at":"2026-08-29T07:30:23.481Z","duration_ms":900019,"gauges":{"lag":1,"pending":0,"failed":0}}
{"event":"progress","label":"popover","at":"2026-08-29T07:31:23.481Z","duration_ms":960019,"gauges":{"lag":1,"pending":0,"failed":0}}
{"event":"progress","label":"popover","at":"2026-08-29T07:32:23.490Z","duration_ms":1020028,"gauges":{"lag":1,"pending":0,"failed":0}}
{"event":"progress","label":"popover","at":"2026-08-29T07:33:23.492Z","duration_ms":1080030,"gauges":{"lag":1,"pending":0,"failed":0}}
{"event":"progress","label":"popover","at":"2026-08-29T07:34:23.493Z","duration_ms":1140031,"gauges":{"lag":1,"pending":0,"failed":0}}
{"event":"progress","label":"popover","at":"2026-08-29T07:35:23.494Z","duration_ms":1200032,"gauges":{"lag":1,"pending":0,"failed":0}}
{"event":"progress","label":"popover","at":"2026-08-29T07:36:23.496Z","duration_ms":1260034,"gauges":{"lag":1,"pending":0,"failed":0}}
{"event":"progress","label":"popover","at":"2026-08-29T07:37:23.498Z","duration_ms":1320037,"gauges":{"lag":1,"pending":0,"failed":0}}
{"event":"progress","label":"popover","at":"2026-08-29T07:38:23.500Z","duration_ms":1380038,"gauges":{"lag":1,"pending":0,"failed":0}}
{"event":"progress","label":"popover","at":"2026-08-29T07:39:23.502Z","duration_ms":1440040,"gauges":{"lag":1,"pending":0,"failed":0}}
{"type":"event","event":"containment_advisory","severity":"warning","at":"2026-08-29T07:40:05.957Z","label":"popover","run_id":"1787987715423-jyrwi8","loop_type":"research","spec_folder":"specs/public/003-ui-improvement-build/022-desktop-popover-research","iteration":1,"gauges":{"lag":1,"pending":0,"failed":0},"violations":[{"path":"specs/public/003-ui-improvement-build/022-desktop-popover-research/research/observability-events.jsonl","kind":"untracked","status":"??"},{"path":"specs/public/003-ui-improvement-build/022-desktop-popover-research/research/orchestration-status.log","kind":"untracked","status":"??"}],"reverted":[{"path":"specs/public/003-ui-improvement-build/022-desktop-popover-research/research/observability-events.jsonl","action":"preserved_untracked","ok":true},{"path":"specs/public/003-ui-improvement-build/022-desktop-popover-research/research/orchestration-status.log","action":"preserved_untracked","ok":true},{"path":"specs/public/003-ui-improvement-build/023-performance-research/research/observability-events.jsonl","action":"preserved_untracked","ok":true},{"path":"specs/public/003-ui-improvement-build/023-performance-research/research/orchestration-status.log","action":"preserved_untracked","ok":true},{"path":"specs/public/003-ui-improvement-build/023-performance-research/research/orchestration-summary.json","action":"preserved_untracked","ok":true}]}
{"type":"event","event":"containment_violation","severity":"error","timestamp":"2026-08-29T07:40:05.957Z","iteration":1,"label":"popover","violations":[{"path":"specs/public/003-ui-improvement-build/022-desktop-popover-research/research/observability-events.jsonl","kind":"untracked","status":"??"},{"path":"specs/public/003-ui-improvement-build/022-desktop-popover-research/research/orchestration-status.log","kind":"untracked","status":"??"},{"path":"specs/public/003-ui-improvement-build/023-performance-research/research/observability-events.jsonl","kind":"untracked","status":"??"},{"path":"specs/public/003-ui-improvement-build/023-performance-research/research/orchestration-status.log","kind":"untracked","status":"??"},{"path":"specs/public/003-ui-improvement-build/023-performance-research/research/orchestration-summary.json","kind":"untracked","status":"??"}],"reverted":[{"path":"specs/public/003-ui-improvement-build/022-desktop-popover-research/research/observability-events.jsonl","action":"preserved_untracked","ok":true},{"path":"specs/public/003-ui-improvement-build/022-desktop-popover-research/research/orchestration-status.log","action":"preserved_untracked","ok":true},{"path":"specs/public/003-ui-improvement-build/023-performance-research/research/observability-events.jsonl","action":"preserved_untracked","ok":true},{"path":"specs/public/003-ui-improvement-build/023-performance-research/research/orchestration-status.log","action":"preserved_untracked","ok":true},{"path":"specs/public/003-ui-improvement-build/023-performance-research/research/orchestration-summary.json","action":"preserved_untracked","ok":true}],"at":"2026-08-29T07:40:05.957Z","run_id":"1787987715423-jyrwi8","loop_type":"research","spec_folder":"specs/public/003-ui-improvement-build/022-desktop-popover-research","gauges":{"lag":1,"pending":0,"failed":0}}
{"event":"failed","label":"popover","index":0,"attempt":1,"at":"2026-08-29T07:40:05.957Z","duration_ms":1490528,"terminal":true,"error":{"name":"Error","message":"lineage popover violated write containment: reverted 3 out-of-scope path(s): specs/public/003-ui-improvement-build/023-performance-research/research/observability-events.jsonl, specs/public/003-ui-improvement-build/023-performance-research/research/orchestration-status.log, specs/public/003-ui-improvement-build/023-performance-research/research/orchestration-summary.json","failure_class":"exit","retry_verdict":"fatal","retryable":false,"exit_code":1,"timed_out":false,"salvage":{"salvaged":0,"failed":0}},"gauges":{"lag":0,"pending":0,"failed":1},"skippedCount":23,"slotDurationMs":1489276.5565}
