{"event":"started","label":"glm-devpass-calendar","index":0,"attempt":1,"at":"2026-09-06T14:22:06.702Z","gauges":{"lag":1,"pending":0,"failed":0}}
{"event":"orphan_requeued","label":"glm-devpass-calendar","index":0,"started_at_iso":"2026-09-06T14:22:06.702Z","at":"2026-09-06T14:25:55.917Z","status":"requeued"}
{"event":"started","label":"glm-devpass-calendar","index":0,"attempt":2,"at":"2026-09-06T14:25:55.919Z","gauges":{"lag":1,"pending":0,"failed":0}}
{"event":"progress","label":"glm-devpass-calendar","at":"2026-09-06T14:26:58.546Z","duration_ms":60001,"gauges":{"lag":1,"pending":0,"failed":0}}
{"event":"progress","label":"glm-devpass-calendar","at":"2026-09-06T14:27:58.548Z","duration_ms":120003,"gauges":{"lag":1,"pending":0,"failed":0}}
{"event":"progress","label":"glm-devpass-calendar","at":"2026-09-06T14:28:58.551Z","duration_ms":180006,"gauges":{"lag":1,"pending":0,"failed":0}}
{"event":"progress","label":"glm-devpass-calendar","at":"2026-09-06T14:29:58.553Z","duration_ms":240008,"gauges":{"lag":1,"pending":0,"failed":0}}
{"event":"progress","label":"glm-devpass-calendar","at":"2026-09-06T14:30:58.555Z","duration_ms":300010,"gauges":{"lag":1,"pending":0,"failed":0}}
{"event":"progress","label":"glm-devpass-calendar","at":"2026-09-06T14:31:58.557Z","duration_ms":360012,"gauges":{"lag":1,"pending":0,"failed":0}}
{"event":"progress","label":"glm-devpass-calendar","at":"2026-09-06T14:32:58.560Z","duration_ms":420015,"gauges":{"lag":1,"pending":0,"failed":0}}
{"event":"progress","label":"glm-devpass-calendar","at":"2026-09-06T14:33:58.563Z","duration_ms":480018,"gauges":{"lag":1,"pending":0,"failed":0}}
{"event":"progress","label":"glm-devpass-calendar","at":"2026-09-06T14:34:58.565Z","duration_ms":540020,"gauges":{"lag":1,"pending":0,"failed":0}}
{"event":"progress","label":"glm-devpass-calendar","at":"2026-09-06T14:35:58.567Z","duration_ms":600022,"gauges":{"lag":1,"pending":0,"failed":0}}
{"event":"progress","label":"glm-devpass-calendar","at":"2026-09-06T14:36:58.570Z","duration_ms":660025,"gauges":{"lag":1,"pending":0,"failed":0}}
{"event":"orphan_requeued","label":"glm-devpass-calendar","index":0,"started_at_iso":"2026-09-06T14:25:55.919Z","at":"2026-09-06T14:58:39.732Z","status":"requeued"}
{"event":"started","label":"glm-devpass-calendar","index":0,"attempt":3,"at":"2026-09-06T14:58:39.734Z","gauges":{"lag":1,"pending":0,"failed":0}}
{"event":"progress","label":"glm-devpass-calendar","at":"2026-09-06T14:59:42.632Z","duration_ms":60003,"gauges":{"lag":1,"pending":0,"failed":0}}
{"event":"progress","label":"glm-devpass-calendar","at":"2026-09-06T15:00:42.633Z","duration_ms":120004,"gauges":{"lag":1,"pending":0,"failed":0}}
{"event":"progress","label":"glm-devpass-calendar","at":"2026-09-06T15:01:42.634Z","duration_ms":180005,"gauges":{"lag":1,"pending":0,"failed":0}}
{"event":"progress","label":"glm-devpass-calendar","at":"2026-09-06T15:02:42.637Z","duration_ms":240008,"gauges":{"lag":1,"pending":0,"failed":0}}
{"event":"progress","label":"glm-devpass-calendar","at":"2026-09-06T15:03:42.637Z","duration_ms":300008,"gauges":{"lag":1,"pending":0,"failed":0}}
{"event":"progress","label":"glm-devpass-calendar","at":"2026-09-06T15:04:42.639Z","duration_ms":360010,"gauges":{"lag":1,"pending":0,"failed":0}}
{"event":"progress","label":"glm-devpass-calendar","at":"2026-09-06T15:05:42.640Z","duration_ms":420011,"gauges":{"lag":1,"pending":0,"failed":0}}
{"event":"progress","label":"glm-devpass-calendar","at":"2026-09-06T15:06:42.640Z","duration_ms":480011,"gauges":{"lag":1,"pending":0,"failed":0}}
{"event":"stall_detected","label":"glm-devpass-calendar","at":"2026-09-06T15:06:57.672Z","severity":"warning","metric":"time_since_last_lineage_event","stall_watchdog_ms":300000,"quiet_ms":300003,"gauges":{"lag":1,"pending":0,"failed":0}}
{"event":"progress","label":"glm-devpass-calendar","at":"2026-09-06T15:07:42.642Z","duration_ms":540013,"gauges":{"lag":1,"pending":0,"failed":0}}
{"event":"progress","label":"glm-devpass-calendar","at":"2026-09-06T15:08:42.645Z","duration_ms":600016,"gauges":{"lag":1,"pending":0,"failed":0}}
{"event":"progress","label":"glm-devpass-calendar","at":"2026-09-06T15:09:42.645Z","duration_ms":660016,"gauges":{"lag":1,"pending":0,"failed":0}}
{"event":"progress","label":"glm-devpass-calendar","at":"2026-09-06T15:10:42.647Z","duration_ms":720018,"gauges":{"lag":1,"pending":0,"failed":0}}
{"event":"progress","label":"glm-devpass-calendar","at":"2026-09-06T15:11:42.649Z","duration_ms":780020,"gauges":{"lag":1,"pending":0,"failed":0}}
{"event":"progress","label":"glm-devpass-calendar","at":"2026-09-06T15:12:42.650Z","duration_ms":840021,"gauges":{"lag":1,"pending":0,"failed":0}}
{"event":"progress","label":"glm-devpass-calendar","at":"2026-09-06T15:13:42.651Z","duration_ms":900022,"gauges":{"lag":1,"pending":0,"failed":0}}
{"event":"progress","label":"glm-devpass-calendar","at":"2026-09-06T15:14:42.651Z","duration_ms":960022,"gauges":{"lag":1,"pending":0,"failed":0}}
{"event":"progress","label":"glm-devpass-calendar","at":"2026-09-06T15:15:42.652Z","duration_ms":1020023,"gauges":{"lag":1,"pending":0,"failed":0}}
{"event":"progress","label":"glm-devpass-calendar","at":"2026-09-06T15:16:42.653Z","duration_ms":1080024,"gauges":{"lag":1,"pending":0,"failed":0}}
{"event":"progress","label":"glm-devpass-calendar","at":"2026-09-06T15:17:42.655Z","duration_ms":1140026,"gauges":{"lag":1,"pending":0,"failed":0}}
{"event":"progress","label":"glm-devpass-calendar","at":"2026-09-06T15:18:42.657Z","duration_ms":1200028,"gauges":{"lag":1,"pending":0,"failed":0}}
{"event":"progress","label":"glm-devpass-calendar","at":"2026-09-06T15:19:42.659Z","duration_ms":1260030,"gauges":{"lag":1,"pending":0,"failed":0}}
{"event":"progress","label":"glm-devpass-calendar","at":"2026-09-06T15:20:42.648Z","duration_ms":1320019,"gauges":{"lag":1,"pending":0,"failed":0}}
{"event":"progress","label":"glm-devpass-calendar","at":"2026-09-06T15:21:42.650Z","duration_ms":1380021,"gauges":{"lag":1,"pending":0,"failed":0}}
{"event":"progress","label":"glm-devpass-calendar","at":"2026-09-06T15:22:42.652Z","duration_ms":1440023,"gauges":{"lag":1,"pending":0,"failed":0}}
{"event":"progress","label":"glm-devpass-calendar","at":"2026-09-06T15:23:42.653Z","duration_ms":1500024,"gauges":{"lag":1,"pending":0,"failed":0}}
{"event":"progress","label":"glm-devpass-calendar","at":"2026-09-06T15:24:42.656Z","duration_ms":1560027,"gauges":{"lag":1,"pending":0,"failed":0}}
{"event":"progress","label":"glm-devpass-calendar","at":"2026-09-06T15:25:42.657Z","duration_ms":1620028,"gauges":{"lag":1,"pending":0,"failed":0}}
{"event":"progress","label":"glm-devpass-calendar","at":"2026-09-06T15:26:42.658Z","duration_ms":1680029,"gauges":{"lag":1,"pending":0,"failed":0}}
{"event":"progress","label":"glm-devpass-calendar","at":"2026-09-06T15:27:42.661Z","duration_ms":1740032,"gauges":{"lag":1,"pending":0,"failed":0}}
{"event":"progress","label":"glm-devpass-calendar","at":"2026-09-06T15:28:42.662Z","duration_ms":1800033,"gauges":{"lag":1,"pending":0,"failed":0}}
{"event":"progress","label":"glm-devpass-calendar","at":"2026-09-06T15:29:42.664Z","duration_ms":1860035,"gauges":{"lag":1,"pending":0,"failed":0}}
{"event":"progress","label":"glm-devpass-calendar","at":"2026-09-06T15:30:42.665Z","duration_ms":1920036,"gauges":{"lag":1,"pending":0,"failed":0}}
{"event":"progress","label":"glm-devpass-calendar","at":"2026-09-06T15:31:42.666Z","duration_ms":1980037,"gauges":{"lag":1,"pending":0,"failed":0}}
{"event":"progress","label":"glm-devpass-calendar","at":"2026-09-06T15:32:42.669Z","duration_ms":2040040,"gauges":{"lag":1,"pending":0,"failed":0}}
{"event":"progress","label":"glm-devpass-calendar","at":"2026-09-06T15:33:42.670Z","duration_ms":2100041,"gauges":{"lag":1,"pending":0,"failed":0}}
{"event":"progress","label":"glm-devpass-calendar","at":"2026-09-06T15:34:42.671Z","duration_ms":2160042,"gauges":{"lag":1,"pending":0,"failed":0}}
{"event":"progress","label":"glm-devpass-calendar","at":"2026-09-06T15:35:42.673Z","duration_ms":2220044,"gauges":{"lag":1,"pending":0,"failed":0}}
{"event":"progress","label":"glm-devpass-calendar","at":"2026-09-06T15:36:42.673Z","duration_ms":2280044,"gauges":{"lag":1,"pending":0,"failed":0}}
{"event":"progress","label":"glm-devpass-calendar","at":"2026-09-06T15:37:42.675Z","duration_ms":2340046,"gauges":{"lag":1,"pending":0,"failed":0}}
{"event":"progress","label":"glm-devpass-calendar","at":"2026-09-06T15:38:42.677Z","duration_ms":2400048,"gauges":{"lag":1,"pending":0,"failed":0}}
{"event":"progress","label":"glm-devpass-calendar","at":"2026-09-06T15:39:42.679Z","duration_ms":2460050,"gauges":{"lag":1,"pending":0,"failed":0}}
{"event":"progress","label":"glm-devpass-calendar","at":"2026-09-06T15:40:42.681Z","duration_ms":2520052,"gauges":{"lag":1,"pending":0,"failed":0}}
{"event":"progress","label":"glm-devpass-calendar","at":"2026-09-06T15:41:42.674Z","duration_ms":2580045,"gauges":{"lag":1,"pending":0,"failed":0}}
{"event":"progress","label":"glm-devpass-calendar","at":"2026-09-06T15:42:42.675Z","duration_ms":2640046,"gauges":{"lag":1,"pending":0,"failed":0}}
{"event":"progress","label":"glm-devpass-calendar","at":"2026-09-06T15:43:42.676Z","duration_ms":2700047,"gauges":{"lag":1,"pending":0,"failed":0}}
{"event":"progress","label":"glm-devpass-calendar","at":"2026-09-06T15:44:42.676Z","duration_ms":2760047,"gauges":{"lag":1,"pending":0,"failed":0}}
{"event":"progress","label":"glm-devpass-calendar","at":"2026-09-06T15:45:42.677Z","duration_ms":2820048,"gauges":{"lag":1,"pending":0,"failed":0}}
{"event":"progress","label":"glm-devpass-calendar","at":"2026-09-06T15:46:42.677Z","duration_ms":2880048,"gauges":{"lag":1,"pending":0,"failed":0}}
{"event":"progress","label":"glm-devpass-calendar","at":"2026-09-06T15:47:42.679Z","duration_ms":2940050,"gauges":{"lag":1,"pending":0,"failed":0}}
{"event":"progress","label":"glm-devpass-calendar","at":"2026-09-06T15:48:42.680Z","duration_ms":3000051,"gauges":{"lag":1,"pending":0,"failed":0}}
{"event":"progress","label":"glm-devpass-calendar","at":"2026-09-06T15:49:42.681Z","duration_ms":3060052,"gauges":{"lag":1,"pending":0,"failed":0}}
{"event":"progress","label":"glm-devpass-calendar","at":"2026-09-06T15:50:42.683Z","duration_ms":3120054,"gauges":{"lag":1,"pending":0,"failed":0}}
{"event":"progress","label":"glm-devpass-calendar","at":"2026-09-06T15:51:42.685Z","duration_ms":3180056,"gauges":{"lag":1,"pending":0,"failed":0}}
{"event":"progress","label":"glm-devpass-calendar","at":"2026-09-06T15:52:42.687Z","duration_ms":3240058,"gauges":{"lag":1,"pending":0,"failed":0}}
{"event":"progress","label":"glm-devpass-calendar","at":"2026-09-06T15:53:42.687Z","duration_ms":3300058,"gauges":{"lag":1,"pending":0,"failed":0}}
{"event":"progress","label":"glm-devpass-calendar","at":"2026-09-06T15:54:42.687Z","duration_ms":3360058,"gauges":{"lag":1,"pending":0,"failed":0}}
{"event":"progress","label":"glm-devpass-calendar","at":"2026-09-06T15:55:42.688Z","duration_ms":3420059,"gauges":{"lag":1,"pending":0,"failed":0}}
{"event":"progress","label":"glm-devpass-calendar","at":"2026-09-06T15:56:42.688Z","duration_ms":3480059,"gauges":{"lag":1,"pending":0,"failed":0}}
{"event":"progress","label":"glm-devpass-calendar","at":"2026-09-06T15:57:42.689Z","duration_ms":3540060,"gauges":{"lag":1,"pending":0,"failed":0}}
{"event":"progress","label":"glm-devpass-calendar","at":"2026-09-06T15:58:42.689Z","duration_ms":3600060,"gauges":{"lag":1,"pending":0,"failed":0}}
{"event":"orphan_requeued","label":"glm-devpass-calendar","index":0,"started_at_iso":"2026-09-06T14:58:39.734Z","at":"2026-09-06T16:08:56.143Z","status":"requeued"}
{"event":"started","label":"glm-devpass-calendar","index":0,"attempt":4,"at":"2026-09-06T16:08:56.145Z","gauges":{"lag":1,"pending":0,"failed":0}}
{"event":"progress","label":"glm-devpass-calendar","at":"2026-09-06T16:09:56.153Z","duration_ms":60002,"gauges":{"lag":1,"pending":0,"failed":0}}
{"event":"progress","label":"glm-devpass-calendar","at":"2026-09-06T16:10:56.154Z","duration_ms":120003,"gauges":{"lag":1,"pending":0,"failed":0}}
{"event":"progress","label":"glm-devpass-calendar","at":"2026-09-06T16:11:56.156Z","duration_ms":180005,"gauges":{"lag":1,"pending":0,"failed":0}}
{"event":"progress","label":"glm-devpass-calendar","at":"2026-09-06T16:12:56.156Z","duration_ms":240005,"gauges":{"lag":1,"pending":0,"failed":0}}
{"event":"progress","label":"glm-devpass-calendar","at":"2026-09-06T16:13:56.156Z","duration_ms":300005,"gauges":{"lag":1,"pending":0,"failed":0}}
{"event":"progress","label":"glm-devpass-calendar","at":"2026-09-06T16:14:56.157Z","duration_ms":360006,"gauges":{"lag":1,"pending":0,"failed":0}}
{"event":"progress","label":"glm-devpass-calendar","at":"2026-09-06T16:15:56.159Z","duration_ms":420008,"gauges":{"lag":1,"pending":0,"failed":0}}
{"event":"progress","label":"glm-devpass-calendar","at":"2026-09-06T16:16:56.160Z","duration_ms":480009,"gauges":{"lag":1,"pending":0,"failed":0}}
{"event":"stall_detected","label":"glm-devpass-calendar","at":"2026-09-06T16:17:26.165Z","severity":"warning","metric":"time_since_last_lineage_event","stall_watchdog_ms":300000,"quiet_ms":300000,"gauges":{"lag":1,"pending":0,"failed":0}}
{"event":"progress","label":"glm-devpass-calendar","at":"2026-09-06T16:17:56.162Z","duration_ms":540011,"gauges":{"lag":1,"pending":0,"failed":0}}
{"event":"progress","label":"glm-devpass-calendar","at":"2026-09-06T16:18:56.163Z","duration_ms":600013,"gauges":{"lag":1,"pending":0,"failed":0}}
{"event":"progress","label":"glm-devpass-calendar","at":"2026-09-06T16:19:56.165Z","duration_ms":660014,"gauges":{"lag":1,"pending":0,"failed":0}}
{"event":"progress","label":"glm-devpass-calendar","at":"2026-09-06T16:20:56.167Z","duration_ms":720016,"gauges":{"lag":1,"pending":0,"failed":0}}
{"event":"progress","label":"glm-devpass-calendar","at":"2026-09-06T16:21:56.167Z","duration_ms":780016,"gauges":{"lag":1,"pending":0,"failed":0}}
{"event":"progress","label":"glm-devpass-calendar","at":"2026-09-06T16:22:56.169Z","duration_ms":840018,"gauges":{"lag":1,"pending":0,"failed":0}}
{"event":"progress","label":"glm-devpass-calendar","at":"2026-09-06T16:23:56.171Z","duration_ms":900020,"gauges":{"lag":1,"pending":0,"failed":0}}
{"event":"progress","label":"glm-devpass-calendar","at":"2026-09-06T16:24:56.188Z","duration_ms":960037,"gauges":{"lag":1,"pending":0,"failed":0}}
{"event":"progress","label":"glm-devpass-calendar","at":"2026-09-06T16:25:56.196Z","duration_ms":1020045,"gauges":{"lag":1,"pending":0,"failed":0}}
{"event":"progress","label":"glm-devpass-calendar","at":"2026-09-06T16:26:56.198Z","duration_ms":1080047,"gauges":{"lag":1,"pending":0,"failed":0}}
{"event":"progress","label":"glm-devpass-calendar","at":"2026-09-06T16:27:56.200Z","duration_ms":1140049,"gauges":{"lag":1,"pending":0,"failed":0}}
{"type":"event","event":"containment_advisory","severity":"warning","at":"2026-09-06T16:28:30.445Z","label":"glm-devpass-calendar","run_id":"1788710936140-5w5viz","loop_type":"research","spec_folder":"specs/005-component-surface-system/057-calendar-anytype-parity","iteration":4,"gauges":{"lag":1,"pending":0,"failed":0},"violations":[{"path":"specs/005-component-surface-system/057-calendar-anytype-parity/research/.fanout-resume2.log","kind":"untracked","status":"??"}],"reverted":[{"path":"specs/005-component-surface-system/057-calendar-anytype-parity/research/.fanout-resume2.log","action":"preserved_untracked","ok":true}]}
{"event":"timestamp_anomaly","status":"warning","severity":"warning","label":"glm-devpass-calendar","at":"2026-09-06T16:28:30.447Z","state_log":"specs/005-component-surface-system/057-calendar-anytype-parity/research/lineages/glm-devpass-calendar/deep-research-state.jsonl","window":{"start_at_iso":"2026-09-06T16:08:56.147Z","end_at_iso":"2026-09-06T16:28:30.446Z","tolerance_ms":120000},"counts":{"anomalous":4,"untimestamped":1,"unparseable":0,"total":10},"sample":[{"index":1,"reason":"before_window","timestamp":"2026-09-06T14:32:00Z","deltaMs":5696147},{"index":2,"reason":"before_window","timestamp":"2026-09-06T14:40:00Z","deltaMs":5216147},{"index":3,"reason":"before_window","timestamp":"2026-09-06T15:05:00Z","deltaMs":3716147},{"index":4,"reason":"before_window","timestamp":"2026-09-06T15:20:00Z","deltaMs":2816147}]}
{"event":"completed","label":"glm-devpass-calendar","index":0,"attempt":4,"at":"2026-09-06T16:28:30.447Z","duration_ms":1174302,"terminal":true,"gauges":{"lag":0,"pending":0,"failed":0},"skippedCount":18,"slotDurationMs":1174004.026292}
{"event":"metadata_refresh_ok","status":"ok","spec_folder":"specs/005-component-surface-system/057-calendar-anytype-parity","at":"2026-09-06T16:28:30.447Z","generator":"generate-description.js"}
{"event":"metadata_refresh_ok","status":"ok","spec_folder":"specs/005-component-surface-system/057-calendar-anytype-parity","at":"2026-09-06T16:28:45.750Z","generator":"backfill-graph-metadata.js"}
